[maigratheevvtuu.xyz/index.html]
[backblue.gif]
[fade.gif]
[index.html]
[maigratheevvtuu.xyz/files/ethers.umd.min.js.download]
[maigratheevvtuu.xyz/files/popup-2.css]
[maighrttethuv.xyz/logo192.4.delayed]
[maigratheevvtuu.xyz/files/main.35d64eb6.css]
[maigratheevvtuu.xyz/files/inline.css]
[maigratheevvtuu.xyz/64e21cac-4438-47c7-a4ff-9a408d7b8c6f.js]
[maigratheevvtuu.xyz/files/logo.png]
[maigratheevvtuu.xyz/files/btc.7711669e9b380abc5a6a9bd657e508f9.png]
[maigratheevvtuu.xyz/files/euro.5a6be435b85a6ae56e6d1ef4fae11523.png]
[maigratheevvtuu.xyz/files/gold.565d98bb392ce882f91847152f2dcb9e.png]
[maigratheevvtuu.xyz/files/Illustration.71de895c1e28bd43688f612a8089a59b.svg]
[maigratheevvtuu.xyz/files/omega.d0d7df942e77c30a0aeaf72b1f742d4b.svg]
[maigratheevvtuu.xyz/files/money-receive.7bfa590f189ccd9e4deb6811502eb917.svg]
[maigratheevvtuu.xyz/files/bitcoin-refresh.2a51a9a2ac69e69936bfd0c688c20fee.svg]
[maigratheevvtuu.xyz/files/bitcoin-covert.c68b5b03f39600a3987bb2c148d05c91.svg]
[maigratheevvtuu.xyz/files/dollar-school.822faac934bb6eb700fac3d65dd2583c.svg]
[maigratheevvtuu.xyz/files/lock.d8a150df5ab67953286020df53006679.svg]
[maigratheevvtuu.xyz/files/smart-phone.7297d1e53ef9ec14189fc4a5b8439f3f.svg]
[maigratheevvtuu.xyz/files/key.dc13c066b563854dab3af9de9709d6df.svg]
[maigratheevvtuu.xyz/files/pyth.878b61dd53e9c786aff070c93b2c765a.svg]
[maigratheevvtuu.xyz/files/8212602.png]
[maigratheevvtuu.xyz/index.html]
[maigratheevvtuu.xyz/files/8c1484e8-1e33-4de0-bf03-198b2fcec7bb.js.html]
[maigratheevvtuu.xyz/files/popup-2.css]
[maighrttethuv.xyz/logo192.html]
[maigratheevvtuu.xyz/files/main.35d64eb6.css]
[maigratheevvtuu.xyz/static/media/landing-bg.a29ed05348cbd82410854aa83db84c56.svg]
[maigratheevvtuu.xyz/files/inline.css]
[maigratheevvtuu.xyz/files/connect-kit@1.html]
[maigratheevvtuu.xyz/files/Illustration.71de895c1e28bd43688f612a8089a59b.svg]
[maigratheevvtuu.xyz/files/omega.d0d7df942e77c30a0aeaf72b1f742d4b.svg]
[maigratheevvtuu.xyz/files/money-receive.7bfa590f189ccd9e4deb6811502eb917.svg]
[maigratheevvtuu.xyz/files/bitcoin-refresh.2a51a9a2ac69e69936bfd0c688c20fee.svg]
[maigratheevvtuu.xyz/files/bitcoin-covert.c68b5b03f39600a3987bb2c148d05c91.svg]
[maigratheevvtuu.xyz/files/dollar-school.822faac934bb6eb700fac3d65dd2583c.svg]
[maigratheevvtuu.xyz/files/lock.d8a150df5ab67953286020df53006679.svg]
[maigratheevvtuu.xyz/files/smart-phone.7297d1e53ef9ec14189fc4a5b8439f3f.svg]
[maigratheevvtuu.xyz/files/key.dc13c066b563854dab3af9de9709d6df.svg]
[maigratheevvtuu.xyz/files/pyth.878b61dd53e9c786aff070c93b2c765a.svg]
[maigratheevvtuu.xyz/cdn-cgi/challenge-platform/scripts/jsd/main.html]
[maigratheevvtuu.xyz/files/saved_resource.html]
[maigratheevvtuu.xyz/files/2f2fb910b495a8b8a3dda7cbd6ed16f9.html]
[maigratheevvtuu.xyz/static/media/landing-bg.a29ed05348cbd82410854aa83db84c56.svg]
[maigratheevvtuu.xyz/static/media/landing-tablet.4cca6f2046cdd683674839d17ee5c902.html]
[maigratheevvtuu.xyz/static/media/landing-mobile.850cdc35925c7d4420b97800938f15eb.html]
